src/components/ResearchDashboard.tsx(107,76): error TS2339: Property 'env' does not exist on type 'ImportMeta'.
src/config/amplify.ts(6,37): error TS2339: Property 'env' does not exist on type 'ImportMeta'.
src/config/amplify.ts(7,43): error TS2339: Property 'env' does not exist on type 'ImportMeta'.
src/config/amplify.ts(13,22): error TS2339: Property 'env' does not exist on type 'ImportMeta'.
src/contexts/AuthContext.tsx(31,25): error TS2339: Property 'env' does not exist on type 'ImportMeta'.
src/services/apiClient.ts(10,34): error TS2339: Property 'env' does not exist on type 'ImportMeta'.
src/services/EventEmitter.ts(11,34): error TS2339: Property 'env' does not exist on type 'ImportMeta'.
